[127.0.0.1]:58058 status:200 - GET reqId: 5vm1RMdPhYli_HpAY-ZAvZRZjcx_XDZWhFOqrt-OuYE, time:           0s
2026/05/04 16:52:04.080266 main.go:81: [Fatal] failed to listen: failed to listen: listen tcp4: address 8080: missing port in address
[127.0.0.1]:54594 status:404 - GET reqId: WQyLayWhaVbqwLV1XZ0LdL56mAgT8AiQqPkY5ailAbQ, time:           0s
2026/05/04 17:36:09.052453 company.go:13: [Error] Error Getting Companies, err:%!(EXTRA *pgconn.PrepareError=ERROR: relation "companies" does not exist (SQLSTATE 42P01))
[127.0.0.1]:54594 status:200 - GET reqId: V_PAI9optoljw3VKUrvXTwqrGQnX_ANFm324WDIdGaA, time:     54.157ms
2026/05/04 17:36:48.613496 company.go:13: [Error] Error Getting Companies, err:%!(EXTRA *pgconn.PrepareError=ERROR: relation "companies" does not exist (SQLSTATE 42P01))
[127.0.0.1]:61586 status:200 - GET reqId: RLBburkpx6tDzY_79kbfmTg5uZgOJdxQLl_0UsMI6aM, time:    76.5015ms
2026/05/04 17:37:20.974745 company.go:13: [Error] Error Getting Companies, err:%!(EXTRA *pgconn.PrepareError=ERROR: relation "companies" does not exist (SQLSTATE 42P01))
[127.0.0.1]:61586 status:200 - GET reqId: qw_nUc-oVjJXbB-luJRrKZH8CVsm3t2VwHO_fEcYg1E, time:     1.0494ms
2026/05/04 17:37:27.585848 company.go:13: [Error] Error Getting Companies, err:%!(EXTRA *pgconn.PrepareError=ERROR: relation "companies" does not exist (SQLSTATE 42P01))
[127.0.0.1]:54684 status:404 - GET reqId: 7vybDtFfLde0NPdCptCU6yEkl-9duJZT0OcASwf9T9c, time:    82.7069ms
2026/05/04 17:37:29.548346 company.go:13: [Error] Error Getting Companies, err:%!(EXTRA *pgconn.PrepareError=ERROR: relation "companies" does not exist (SQLSTATE 42P01))
[127.0.0.1]:54684 status:404 - GET reqId: 5qB2cDkFNc8x_dTStXxaq9p8WXeV4Ow_PijsjmHdj-U, time:     1.0799ms
2026/05/04 17:37:55.566377 company.go:13: [Error] Error Getting Companies, err:%!(EXTRA *pgconn.PrepareError=ERROR: relation "companies" does not exist (SQLSTATE 42P01))
[127.0.0.1]:62321 status:404 - GET reqId: ILRBTynIH7GwyHaUyp4WhRX07Pkx0sFxpTx1aKx_pF8, time:    70.5007ms
2026/05/04 17:37:57.542106 company.go:13: [Error] Error Getting Companies, err:%!(EXTRA *pgconn.PrepareError=ERROR: relation "companies" does not exist (SQLSTATE 42P01))
[127.0.0.1]:62321 status:404 - GET reqId: gQgDv53DAdWMKORFcGyTDGXzrIFZ9aW9boFEeAYV2Yc, time:     1.1482ms
2026/05/04 17:38:06.322763 company.go:13: [Error] Error Getting Companies, err:%!(EXTRA *pgconn.PrepareError=ERROR: relation "companies" does not exist (SQLSTATE 42P01))
[127.0.0.1]:63965 status:404 - GET reqId: mScKC7ufvH2Rm3OyHGk9KHAtuT2hSt9sRWmpG6yogJ4, time:    83.7811ms
2026/05/04 17:38:41.359936 company.go:13: [Error] Error Getting Companies, err:%!(EXTRA *pgconn.PrepareError=ERROR: relation "companies" does not exist (SQLSTATE 42P01))
[127.0.0.1]:54081 status:404 - GET reqId: SmfWF7eW0cPDstnw5Aj7N_RbZXv7ECvZSJ3Dtqstjz8, time:     1.3915ms
2026/05/04 17:38:42.642295 company.go:13: [Error] Error Getting Companies, err:%!(EXTRA *pgconn.PrepareError=ERROR: relation "companies" does not exist (SQLSTATE 42P01))
[127.0.0.1]:54081 status:404 - GET reqId: xPKW8rGzj2Chs6e6aQG38zAnUmJpObloaZKWR1qEG6U, time:     1.1648ms
2026/05/04 17:38:43.956194 company.go:13: [Error] Error Getting Companies, err:%!(EXTRA *pgconn.PrepareError=ERROR: relation "companies" does not exist (SQLSTATE 42P01))
[127.0.0.1]:54081 status:404 - GET reqId: fnC3YVpSH6eCkd-1HU-lprYvNYKibDrjUJm-x-9-JNw, time:      1.452ms
2026/05/04 17:39:16.132558 company.go:53: [Info] Returning all companies
[127.0.0.1]:59135 status:200 - GET reqId: ONchKiX9oBCzI3KGh5im1cbwW26ySZNG5rLKbCsrPfc, time:     4.4936ms
[127.0.0.1]:53809 status:404 - POST reqId: zDuO4mRFvx_rh7D9PqlKM6XAPEANB-_0NVrsyvtpLNM, time:           0s
[127.0.0.1]:53809 status:405 - POST reqId: nu6RBEWwfoTVjLMz9OHi5sP2cPtuh8tmQGl30gKxSpU, time:           0s
2026/05/04 17:48:43.439637 company.go:39: [Info] Company created, id:50881669-86eb-4b7b-9e15-756e95b930cb
[127.0.0.1]:57591 status:200 - POST reqId: 3xdEZ9jJx4-tbhExlr3Qy7GbzYWVgwuvN3KJw9qV-eY, time:     5.8868ms
2026/05/04 17:49:01.819019 company.go:25: [Error] Error getting Company, err:%!(EXTRA pgx.ScanArgError=can't scan into dest[0] (col: id): cannot scan uuid (OID 2950) in binary format into *uint)
[127.0.0.1]:57591 status:404 - GET reqId: Sq6UR_v-gHy3cf_omhlCX_pVR1yOthgdzxA7Snz-52s, time:     2.1165ms
2026/05/04 17:49:18.583228 company.go:15: [Error] Error getting Companies, err:%!(EXTRA pgx.ScanArgError=can't scan into dest[0] (col: id): cannot scan uuid (OID 2950) in binary format into *uint)
[127.0.0.1]:57591 status:404 - GET reqId: rv18K_ueUpfMh-bUKwSLbRjQtvIYR8lxtPciWgMfxCk, time:     2.5919ms
2026/05/04 17:49:48.871093 company.go:53: [Info] Returning all companies
[127.0.0.1]:64257 status:200 - GET reqId: 6oB9bbJvgzvxqsmK2EivrZizM9mHhJ4yNS7M46dAEJQ, time:      3.422ms
2026/05/04 17:49:53.750780 company.go:72: [Info] Returning company id: %!d(string=50881669-86eb-4b7b-9e15-756e95b930cb)
[127.0.0.1]:64257 status:200 - GET reqId: cky0QLPPw4KQseVYqJinH4YVNHnS1ghFVmdJniLtIjs, time:     2.1767ms
2026/05/04 17:50:11.071230 company.go:37: [Error] Wrong input bind from body: unexpected end of JSON input
[127.0.0.1]:64257 status:400 - POST reqId: oqe0SKl2sHYXQtq4AIMSjbA2l3gkbjTZKb2RNI1oslo, time:           0s
2026/05/04 17:58:21.345370 company.go:35: [Error] Wrong input bind "industry" from body: json: cannot unmarshal number into Go struct field InputCompany.industry of type string
[127.0.0.1]:52726 status:400 - POST reqId: DOb9VhfNwpKAH0bOkcGAREpaFGgug1IBZAvhlhR5zdY, time:     1.8361ms
2026/05/04 17:58:50.753340 company.go:39: [Info] Company created, id:dc2c8500-6f25-450a-bf32-00f0eef5afb1
[127.0.0.1]:52726 status:200 - POST reqId: eZSewBCwr6fj42qIXnTb-MChqlnvmJaprEx4AivEUfw, time:     5.0405ms
2026/05/04 17:58:54.709663 company.go:53: [Info] Returning all companies
[127.0.0.1]:52726 status:200 - GET reqId: hNKVakEf_3BrHITSRlF8qHFVzaB3OsPxDEsm8VmKeAg, time:     2.8172ms
2026/05/04 17:59:28.626007 company.go:39: [Info] Company created, id:0fe85d33-82c9-440e-895e-089e38ffa5c4
[127.0.0.1]:64222 status:200 - POST reqId: jAjmtyK0pFMlQon8NHZQE-XMTmlU3AcS5VmHJrVL9zs, time:     7.4863ms
2026/05/04 17:59:43.027722 company.go:39: [Info] Company created, id:e3320509-81c9-4a64-bdf8-be3a49dcb94a
[127.0.0.1]:50246 status:200 - POST reqId: qUUbK1Oy0CHw4NLXLq06_2h1ukU9micC2InbfEsqsZ4, time:      6.426ms
2026/05/04 18:00:10.830452 company.go:39: [Info] Company created, id:8157849d-5019-4e26-9c68-f0342f8e8a80
[127.0.0.1]:50246 status:200 - POST reqId: eaqXe1Z8yEoUGBkFBMg8rmDV8kGrxji6oVzTxeFkmx0, time:      1.512ms
2026/05/04 18:00:15.358676 company.go:53: [Info] Returning all companies
[127.0.0.1]:50246 status:200 - GET reqId: bA6wvqLJj23NurUPY5Gv3AqvrxwC4gEOhcypKoQ58rE, time:      2.643ms
[127.0.0.1]:57270 status:405 - PATCH reqId: gkG6m8igDTh89gevviHhQ_FdnxMtC9r8_9o6-K3zWQ0, time:           0s
2026/05/04 18:03:21.155421 company.go:88: [Info] Company updated, id: 8157849d-5019-4e26-9c68-f0342f8e8a80
[127.0.0.1]:49671 status:200 - PATCH reqId: N5bhEnSHcqVWxWsu474rgFqPd1o5Dh4_iTrgkNF1MKo, time:     8.7486ms
2026/05/04 18:03:50.384202 company.go:88: [Info] Company updated, id: 8157849d-5019-4e26-9c68-f0342f8e8a80
[127.0.0.1]:49671 status:200 - PATCH reqId: rw8DRG6seZYA4--XRntvdkP7Zww8LA95scwThPAoqFE, time:     2.9324ms
2026/05/04 18:05:27.342718 company.go:88: [Info] Company updated, id: 8157849d-5019-4e26-9c68-f0342f8e8a80
[127.0.0.1]:60897 status:200 - PATCH reqId: tIyYy4KSZ43fx1qjSmQOtoZtdkXHkg-p5TWMTXnN3Hs, time:     5.4716ms
2026/05/04 18:05:58.271472 company.go:88: [Info] Company updated, id: 8157849d-5019-4e26-9c68-f0342f8e8a80
[127.0.0.1]:51329 status:200 - PATCH reqId: dpG6rh22p0UNqUtuG4SlnohAZUwcMKLnVZB0Pfkw1f8, time:     9.2212ms
2026/05/04 18:10:48.312335 company.go:67: [Error] Wrong input Key: 'InputCompany.Industry' Error:Field validation for 'Industry' failed on the 'len' tag
[127.0.0.1]:57679 status:400 - PATCH reqId: Sxrm2K2rmXbChtCHxNq86AdX8Q74TEfL3-y1TO44koI, time:      535.2µs
2026/05/04 18:10:57.779951 company.go:67: [Error] Wrong input Key: 'InputCompany.Industry' Error:Field validation for 'Industry' failed on the 'len' tag
[127.0.0.1]:57679 status:400 - PATCH reqId: jQp8yMfmQ2M-pHDmuxUHnQzY404ZpoENWymouGo0q60, time:           0s
2026/05/04 18:11:00.850278 company.go:67: [Error] Wrong input Key: 'InputCompany.Industry' Error:Field validation for 'Industry' failed on the 'len' tag
[127.0.0.1]:57679 status:400 - PATCH reqId: ke6ru4W1nV06ULN9xuUUtn249mAXGdxs2_qxcPt1io0, time:           0s
2026/05/04 18:11:11.909520 company.go:88: [Info] Company updated, id: 8157849d-5019-4e26-9c68-f0342f8e8a80
[127.0.0.1]:64978 status:200 - PATCH reqId: q3CqAJu19ZATKZNoIG0ArZk8kuEpcx9WjK1o1h67RI0, time:     5.3632ms
2026/05/04 18:11:15.683445 company.go:53: [Info] Returning all companies
[127.0.0.1]:64978 status:200 - GET reqId: fPhKGJ53Nmv4VgquEETWH2mjk4wlExOkFu8o5a51OAg, time:     2.1336ms
2026/05/05 10:06:37.744245 company.go:88: [Info] Company updated, id: 8157849d-5019-4e26-9c68-f0342f8e8a80
[127.0.0.1]:53410 status:200 - PATCH reqId: 4igUgBA26icKJYg5GNvtHbL33h2JPtUc2tSjmlm0pFc, time:     62.259ms
2026/05/05 10:06:58.332385 company.go:53: [Info] Returning all companies
[127.0.0.1]:54005 status:200 - GET reqId: ti5mMXymGtZ7Bf0i3fE3Bo13AK4XHwrxrg-4r_gvtUE, time:     1.7311ms
2026/05/05 10:07:12.687499 company.go:102: [Info] Company deleted, id: dc2c8500-6f25-450a-bf32-00f0eef5afb1
[127.0.0.1]:54005 status:200 - DELETE reqId: KPicG8SDjqDE3b554Gd3f4ns8tyU_I6Jobl9nYqUJlQ, time:      1.294ms
2026/05/05 10:07:15.933462 company.go:53: [Info] Returning all companies
[127.0.0.1]:54005 status:200 - GET reqId: e7pBaDocMMNTP3vLdjPwzjW7up_3fhbZEAX8zQCAtDQ, time:     1.4284ms
2026/05/05 10:07:30.833152 company.go:102: [Info] Company deleted, id: 0fe85d33-82c9-440e-895e-089e38ffa5c4
[127.0.0.1]:54005 status:200 - DELETE reqId: gi8b_WXks85QVAb7F87KzpuuShAMnTxPFlKcg_uepWI, time:     2.6087ms
2026/05/05 10:07:42.200271 company.go:102: [Info] Company deleted, id: e3320509-81c9-4a64-bdf8-be3a49dcb94a
[127.0.0.1]:54005 status:200 - DELETE reqId: -pHoJFky1l0IxQ74SuSIunq_rhvkYGWd-ySYBzULcc8, time:     3.7314ms
2026/05/05 10:07:55.875552 company.go:84: [Error] Error deleting Company, err:%!(EXTRA *fiber.Error=Not Found)
[127.0.0.1]:54005 status:400 - DELETE reqId: sWAA2BrHXH1j_rPjCezcDiPPCw2YFhxNQbkn_6ZMiPQ, time:      515.2µs
2026/05/05 10:07:57.763083 company.go:102: [Info] Company deleted, id: 8157849d-5019-4e26-9c68-f0342f8e8a80
[127.0.0.1]:54005 status:200 - DELETE reqId: gU2GtItWMpaVU12c0AVcOVKK_trlV9UtiELAltKhKu8, time:     1.6293ms
2026/05/05 10:08:00.211786 company.go:53: [Info] Returning all companies
[127.0.0.1]:54005 status:200 - GET reqId: wWuouL1MFdLEaMzZe5c7b90xfIFtxYMYZloAcDID9Vg, time:     1.8398ms
2026/05/05 10:08:07.070939 company.go:42: [Error] Wrong input Key: 'InputCompany.Industry' Error:Field validation for 'Industry' failed on the 'required' tag
[127.0.0.1]:54005 status:400 - POST reqId: fM9swPS76S368FUjXuYr5tl7w5I_omeqgC9oKyiVgoo, time:           0s
2026/05/05 10:08:18.485954 company.go:39: [Info] Company created, id:155ff664-879f-4fb1-a5a1-ce45b18f460d
[127.0.0.1]:54005 status:200 - POST reqId: fRlf-7sWsiI7kFx3CXnMLph26c17mF2YrNi8ySpUCg0, time:     4.6751ms
2026/05/05 10:08:27.539311 company.go:88: [Info] Company updated, id: 155ff664-879f-4fb1-a5a1-ce45b18f460d
[127.0.0.1]:54005 status:200 - PATCH reqId: yZeYqXIVhLgQ8QGDxOb9TFR_BWPEPplkBYoX37yqWB4, time:     2.8505ms
2026/05/05 10:08:31.132282 company.go:53: [Info] Returning all companies
[127.0.0.1]:54005 status:200 - GET reqId: FnE9itrEcoG37lmdkMuVJTUo2YD45Z391yLou7U9z40, time:     1.3309ms
2026/05/05 10:19:15.846654 role.go:51: [Info] Returning all companies
[127.0.0.1]:53306 status:200 - GET reqId: -IboV1RaCKXuPj_tF6qOV6YGpMrUk8iTt3az_D_g_4k, time:     9.3872ms
2026/05/05 10:19:30.261985 company.go:72: [Info] Returning company id: %!d(string=50881669-86eb-4b7b-9e15-756e95b930cb)
[127.0.0.1]:53306 status:200 - GET reqId: ZnPVclbV84ZloGAK055cjrn5NerrlXPUWkLufUd5yVg, time:      3.326ms
2026/05/05 10:19:34.496494 role.go:25: [Error] Error getting Role, err:%!(EXTRA *pgx.proxyError=no rows in result set)
[127.0.0.1]:53306 status:404 - GET reqId: xMMbXlhT7zDIkqq1r9DwRYLsm_opknf565x5DAKT2Gc, time:     1.9818ms
2026/05/05 10:19:49.123374 role.go:68: [Info] Returning role id: %!d(string=f873d964-c2fc-478d-865c-5329a05fa5c9)
[127.0.0.1]:53306 status:200 - GET reqId: Q7u9d5Tumj1oFTJkT9Mf68QDFJhpmGNxrpAVfvDrhSQ, time:     1.0692ms
2026/05/05 10:20:08.009564 role.go:37: [Info] Role created, id:7f3d080f-475c-4057-bf78-3a6c5f6e436b
[127.0.0.1]:53306 status:200 - POST reqId: 0PxAxzDNW4ZV6buQnJUflwqBSRQ8bVfIk2rZHznUUG0, time:     4.1302ms
2026/05/05 10:20:14.925920 role.go:51: [Info] Returning all companies
[127.0.0.1]:53306 status:200 - GET reqId: j5Gz_Y3duNSpm22T3qs7mcgQhUGU5gZERAVKVNfabeQ, time:     1.2237ms
2026/05/05 10:20:25.718740 role.go:84: [Info] Role updated, id: 7f3d080f-475c-4057-bf78-3a6c5f6e436b
[127.0.0.1]:53306 status:200 - PATCH reqId: xbZntJgLxFdMee1leDtjuU_qOtz24ZwGRpD8IJJWx-E, time:     2.7447ms
2026/05/05 10:20:27.812321 role.go:51: [Info] Returning all companies
[127.0.0.1]:53306 status:200 - GET reqId: N9Fp4r4lGPF4MrZfU9uR__Y8WAwP7QBf9iLO4hkZdAU, time:     1.2422ms
2026/05/05 10:20:36.760399 role.go:98: [Info] Role deleted, id: 7f3d080f-475c-4057-bf78-3a6c5f6e436b
[127.0.0.1]:53306 status:200 - DELETE reqId: MjSY5UjCYjaO2MgWey5Wq_vReGjeZi-7fFkK9QCZN-s, time:     3.8155ms
2026/05/05 10:20:48.862913 role.go:72: [Error] Error updating Role, err:%!(EXTRA *fiber.Error=Not Found)
[127.0.0.1]:53306 status:400 - PATCH reqId: sc-nFIbbAWsJUGXmKOUAEYvnH3oKeHHqniqk4U9sxyQ, time:     1.4478ms
2026/05/05 10:20:52.171281 role.go:51: [Info] Returning all companies
[127.0.0.1]:53306 status:200 - GET reqId: bLk-OSBOw_x2bGinxcRC1w11_9rA0044pzL2zaLic48, time:     1.1283ms
2026/05/05 10:43:10.942802 user.go:15: [Error] Error getting Users, err:%!(EXTRA *pgconn.PrepareError=ERROR: missing FROM-clause entry for table "u" (SQLSTATE 42P01))
[127.0.0.1]:63308 status:404 - GET reqId: cyFqQpneR5iyU-GN1wpYv63mLJYtczsikL7TpstuyeU, time:     6.5169ms
2026/05/05 10:44:12.879031 user.go:15: [Error] Error getting Users, err:%!(EXTRA *pgconn.PrepareError=ERROR: column "id" does not exist (SQLSTATE 42703))
[127.0.0.1]:65110 status:404 - GET reqId: ymmWjFm_asPR6z8DST-ZlzLrlN2c-h2_8L53GxWW1Yc, time:     2.3703ms
2026/05/05 10:45:47.416879 db.go:25: [Fatal] Error creating role table ERROR: syntax error at or near ")" (SQLSTATE 42601)
2026/05/05 10:46:13.332439 db.go:25: [Fatal] Error creating role table ERROR: syntax error at or near ")" (SQLSTATE 42601)
2026/05/05 10:47:12.059934 db.go:25: [Fatal] Error creating role table ERROR: syntax error at or near ")" (SQLSTATE 42601)
2026/05/05 10:48:18.180649 user.go:15: [Error] Error getting Users, err:%!(EXTRA *pgconn.PrepareError=ERROR: column "id" does not exist (SQLSTATE 42703))
[127.0.0.1]:61725 status:404 - GET reqId: eupO1g9-INQLK29u52jULJ28A9w5433k-loNaTMsGPQ, time:     1.5976ms
2026/05/05 10:48:19.967320 user.go:15: [Error] Error getting Users, err:%!(EXTRA *pgconn.PrepareError=ERROR: column "id" does not exist (SQLSTATE 42703))
[127.0.0.1]:61725 status:404 - GET reqId: uMW484pxaK2z6Y5apcR9tZZT20Jh4En_bad61N05Wgw, time:      505.2µs
2026/05/05 10:49:49.481267 user.go:15: [Error] Error getting Users, err:%!(EXTRA *pgconn.PrepareError=ERROR: column u.role_id does not exist (SQLSTATE 42703))
[127.0.0.1]:64570 status:404 - GET reqId: ZUk7wOfG2NzT4E8pgmCON9VbxU3XESDVS8dqlOEplI0, time:     3.5961ms
2026/05/05 10:51:28.873165 user.go:15: [Error] Error getting Users, err:%!(EXTRA *pgconn.PrepareError=ERROR: column u.role_id does not exist (SQLSTATE 42703))
[127.0.0.1]:52265 status:404 - GET reqId: -G_fWB0YZDOTO15ITmGOarLTwmKnxb8G8v1HssH6qIY, time:      1.057ms
2026/05/05 10:51:30.402419 user.go:15: [Error] Error getting Users, err:%!(EXTRA *pgconn.PrepareError=ERROR: column u.role_id does not exist (SQLSTATE 42703))
[127.0.0.1]:52265 status:404 - GET reqId: lvfR64N4nBcLrOHPTIxExWg3nlYFQjxey3mNZaQNP-s, time:      824.1µs
2026/05/05 10:51:40.647933 user.go:15: [Error] Error getting Users, err:%!(EXTRA *pgconn.PrepareError=ERROR: column u.role_id does not exist (SQLSTATE 42703))
[127.0.0.1]:52508 status:404 - GET reqId: KHj_O0XgPW7FCw9LiPygtdwDBezF5ReRbqtaoKnYj-I, time:     2.1943ms
2026/05/05 10:52:14.979202 user.go:15: [Error] Error getting Users, err:%!(EXTRA *errors.errorString=struct doesn't have corresponding row field user)
[127.0.0.1]:53284 status:404 - GET reqId: 3IayLX9NOC0DTwNXk9CoznZcxo-XlLRYVcMRMDYbJd8, time:     2.7477ms
2026/05/05 10:54:01.170645 user.go:15: [Error] Error getting Users, err:%!(EXTRA *errors.errorString=struct doesn't have corresponding row field user)
[127.0.0.1]:56303 status:404 - GET reqId: _i0yzGOCUqSgoP76eQd8v0-WDDh-pl5OHXke-jLtWkE, time:     3.3927ms
2026/05/05 10:54:02.247758 user.go:15: [Error] Error getting Users, err:%!(EXTRA *errors.errorString=struct doesn't have corresponding row field user)
[127.0.0.1]:56303 status:404 - GET reqId: mTRaeeglovy2GN5TZp7ChOpodewpTZAEAGIJcxbOJjk, time:      640.4µs
2026/05/05 10:54:21.958949 user.go:15: [Error] Error getting Users, err:%!(EXTRA *errors.errorString=struct doesn't have corresponding row field user)
[127.0.0.1]:56887 status:404 - GET reqId: hKEJ3Slp1yADyOEfVuVZxbdGdHI0cY8K6-HYaYMKOgY, time:     1.2411ms
2026/05/05 10:55:33.089245 user.go:15: [Error] Error getting Users, err:%!(EXTRA *errors.errorString=struct doesn't have corresponding row field user)
[127.0.0.1]:59391 status:404 - GET reqId: DtuwSTWBC611nfxGAvvyS4VQzYCh3RApnMzkGlBJ7oA, time:     2.0336ms
2026/05/05 10:56:48.701191 user.go:15: [Error] Error getting Users, err:%!(EXTRA *errors.errorString=struct doesn't have corresponding row field user)
[127.0.0.1]:61701 status:404 - GET reqId: SF_SndwpgSe3hozGHD95BrNlfpnSdkq6NASphr6GnYU, time:      1.029ms
2026/05/05 10:56:50.070396 user.go:15: [Error] Error getting Users, err:%!(EXTRA *errors.errorString=struct doesn't have corresponding row field user)
[127.0.0.1]:61701 status:404 - GET reqId: zZTm8eaxdD25PlIMBxpM-oHYRngj8Gd2_Tu2D4-3fH4, time:     1.4416ms
2026/05/05 10:57:42.006785 user.go:15: [Error] Error getting Users, err:%!(EXTRA *errors.errorString=struct doesn't have corresponding row field user)
[127.0.0.1]:63636 status:404 - GET reqId: 6qFrxdBnhUAYIauQy8O3JrAVHqJ-ODkFUHBA8apwWiI, time:     1.2829ms
2026/05/05 10:57:43.463757 user.go:15: [Error] Error getting Users, err:%!(EXTRA *errors.errorString=struct doesn't have corresponding row field user)
[127.0.0.1]:63636 status:404 - GET reqId: s3jdxMFxVSTHG02RKB3l0xvOFGrOOj3sXRxNN77tC6o, time:     1.3995ms
2026/05/05 10:59:39.361874 user.go:49: [Error] Error creating User, err:%!(EXTRA *pgconn.PrepareError=ERROR: syntax error at or near "user" (SQLSTATE 42601))
[127.0.0.1]:51942 status:400 - POST reqId: FQrZ32WOacJB8s4Wg2qyrMyxKo26F1gnsmuLNcal-jY, time:     1.5057ms
2026/05/05 11:00:16.734255 user.go:44: [Info] User created, id:8aa98462-036a-4db3-96bc-763d58cfad58
[127.0.0.1]:53061 status:200 - POST reqId: ljTz0H17PwuZol1hSe7RZ1lraFGkCHbOguLkTfh_SA4, time:    11.1377ms
2026/05/05 11:00:21.206101 user.go:15: [Error] Error getting Users, err:%!(EXTRA *errors.errorString=struct doesn't have corresponding row field role_id)
[127.0.0.1]:53061 status:404 - GET reqId: uy0vOkxjcHRPyOpeAfgOw7UQSGcA2VaSXbJ40u2NObY, time:     2.2659ms
2026/05/05 11:01:32.897941 user.go:58: [Info] Returning all users
[127.0.0.1]:55133 status:200 - GET reqId: jdHfdlpAMaT56-y1vsiYoPptKPFf6m82uMPqmsIvrqg, time:     5.8547ms
2026/05/05 11:03:20.887780 user.go:93: [Info] Returning user id: 8aa98462-036a-4db3-96bc-763d58cfad58
[127.0.0.1]:58690 status:200 - GET reqId: cvEH885puNTAQqo2VWsk1lNWrRmj30nY1sF_s2-sRTI, time:     8.8039ms
2026/05/05 11:03:48.965479 user.go:95: [Info] Returning user id: 8aa98462-036a-4db3-96bc-763d58cfad58
[127.0.0.1]:59589 status:200 - GET reqId: x5jl95h0nuBCNtc7SHH9yiV90AMtp5jTJqq70H-Dxpc, time:      6.404ms
2026/05/05 11:04:07.846384 user.go:15: [Error] Error getting Users, err:%!(EXTRA *errors.errorString=struct doesn't have corresponding row field role)
[127.0.0.1]:60213 status:404 - GET reqId: 60MwvBvTvDCZ35gcNDBGronLSxk7K4SO0CK8pDpmuiY, time:     6.4913ms
2026/05/05 11:04:24.497695 user.go:15: [Error] Error getting Users, err:%!(EXTRA *errors.errorString=struct doesn't have corresponding row field role_id)
[127.0.0.1]:60767 status:404 - GET reqId: yCdrjFgdNLD0tieo2bJuF83F0XGq0a28-aBY16liNlk, time:     4.3518ms
2026/05/05 11:04:26.344589 user.go:15: [Error] Error getting Users, err:%!(EXTRA *errors.errorString=struct doesn't have corresponding row field role_id)
[127.0.0.1]:60767 status:404 - GET reqId: SrUBNvPn3dGoFws0TeNU0hFMCxIyf6Mp7AVJt_W-rhU, time:      768.2µs
2026/05/05 11:05:16.012175 user.go:15: [Error] Error getting Users, err:%!(EXTRA *errors.errorString=struct doesn't have corresponding row field role_id)
[127.0.0.1]:62417 status:404 - GET reqId: 9rnDlo4RJObTEs34lC3QbeiGP_0FN9Q0pEBVlbFLmBw, time:      7.676ms
2026/05/05 11:06:04.786515 user.go:106: [Info] Returning user id: 8aa98462-036a-4db3-96bc-763d58cfad58
[127.0.0.1]:64120 status:200 - GET reqId: 9qUtFYz6EQK4OE9YsZYpMx40gBZrdSbcbxMsY2sh__Y, time:     7.4144ms
2026/05/05 11:06:08.474056 user.go:15: [Error] Error getting Users, err:%!(EXTRA *errors.errorString=struct doesn't have corresponding row field role)
[127.0.0.1]:64120 status:404 - GET reqId: NXiOSbu9dTeukQMvLCAJhDLMCMB6JCBP9i9AZCtd2bY, time:     1.5505ms
2026/05/05 11:06:51.390571 user.go:15: [Error] Error getting Users, err:%!(EXTRA pgx.ScanArgError=can't scan into dest[5] (col: role): cannot scan varchar (OID 1043) in text format into *dto.OutputRole)
[127.0.0.1]:65407 status:404 - GET reqId: eDDwnbuJfui_BhtP-I22p-htH0tJ_eInBHg9IbHyHdY, time:    12.0707ms
2026/05/05 11:09:50.583496 user.go:89: [Info] Returning all users
[127.0.0.1]:54867 status:200 - GET reqId: -20QPHONaUR7BjgxS5P_JtJQn9iIrc3L0zqnS8iY5-8, time:     7.2352ms
2026/05/05 11:11:01.867603 user.go:126: [Info] Returning user id: 8aa98462-036a-4db3-96bc-763d58cfad58
[127.0.0.1]:56348 status:200 - GET reqId: AoxZ7w9T766ZH8uXGaRizDuorG3_n267x4zobXFyp2M, time:     1.7081ms
2026/05/05 11:11:31.668030 user.go:66: [Error] Wrong input Key: 'InputUser.FirstName' Error:Field validation for 'FirstName' failed on the 'required' tag
Key: 'InputUser.LastName' Error:Field validation for 'LastName' failed on the 'required' tag
Key: 'InputUser.Email' Error:Field validation for 'Email' failed on the 'required' tag
Key: 'InputUser.Password' Error:Field validation for 'Password' failed on the 'required' tag
[127.0.0.1]:56348 status:400 - PATCH reqId: 5tkoNA1YF9RVsAJSpo2qwsTLlMw3qUHlApfyBXeiTEg, time:      623.8µs
2026/05/05 11:12:20.058913 user.go:72: [Error] Error updating User, err:%!(EXTRA *errors.errorString=mismatched param and argument count)
[127.0.0.1]:56348 status:400 - PATCH reqId: Yb7YfjcivrO22Jr2SJWKEacBQQZpm0yd7fQ0QANQI6c, time:     1.9597ms
2026/05/05 11:12:32.998300 user.go:72: [Error] Error updating User, err:%!(EXTRA *errors.errorString=mismatched param and argument count)
[127.0.0.1]:56348 status:400 - PATCH reqId: s2ZzR6TI5ayaPaVU5qg_vVRepp7WadvUiTlJsUngqtw, time:     1.1484ms
2026/05/05 11:14:35.196947 user.go:74: [Error] Error updating User, err:%!(EXTRA *errors.errorString=mismatched param and argument count)
[127.0.0.1]:62167 status:400 - PATCH reqId: PIJZhkrDKlkE2ZuALRxinQUvFr4U_Kt2s6OTGjPWTjQ, time:     3.7849ms
2026/05/05 11:15:14.742008 user.go:133: [Info] User updated, id: 8aa98462-036a-4db3-96bc-763d58cfad58
[127.0.0.1]:63231 status:200 - PATCH reqId: YetSj4LZpvr6c4WpZcHwdi3ff5fIX9AnVKvO83_sv1c, time:     8.0661ms
2026/05/05 11:15:18.501580 user.go:79: [Info] Returning all users
[127.0.0.1]:63231 status:200 - GET reqId: cwOh1fdyMd5Ozpt5R0Z9wQ23Ac4qazIk4kYH2g2nSgM, time:     3.9195ms
2026/05/05 11:15:32.291949 user.go:147: [Info] User deleted, id: 8aa98462-036a-4db3-96bc-763d58cfad58
[127.0.0.1]:63231 status:200 - DELETE reqId: dDFtFkE6fWpI9chhzI7bELF33FK9FOp8NAVEZ9EspXY, time:      823.1µs
2026/05/05 11:15:36.191467 user.go:79: [Info] Returning all users
[127.0.0.1]:63231 status:200 - GET reqId: VlFagQANjFUrcMj3mMykfIl7U9lQ135rHuemOt0zZBQ, time:      640.6µs
2026/05/05 11:15:41.891383 user.go:44: [Info] User created, id:ba6438c7-f65e-44e6-abb8-d231aafe32eb
[127.0.0.1]:63231 status:200 - POST reqId: U3kVMn99s5FvoJ-sZ9qCouvxKC0oXpFLHi4WLZrLTbg, time:      3.422ms
2026/05/05 11:25:30.809637 user.go:79: [Info] Returning all users
[127.0.0.1]:63912 status:200 - GET reqId: 1xi0IjpTsiRnGukqkzlIO5AV7CrQNVC7jOhuZP6Kqts, time:     6.6354ms
2026/05/05 11:25:31.801986 user.go:79: [Info] Returning all users
[127.0.0.1]:63912 status:200 - GET reqId: GmxSjY80yLFu5m2ExDH9a9a13ozxKpIkl_qA11sUHoI, time:      504.7µs
2026/05/05 11:25:36.720038 user.go:91: [Error] Error updating User, err:%!(EXTRA *fiber.Error=Not Found)
[127.0.0.1]:63912 status:400 - PATCH reqId: 6xnz_sc4dmLW1E7NTUex1DKQVIhS1fmgLRB8kzykCdI, time:    22.2829ms
2026/05/05 11:25:40.465757 user.go:79: [Info] Returning all users
[127.0.0.1]:63912 status:200 - GET reqId: C9qfBfpRl9pJ4nR0QtS_ITLpovzCa5y60s1yeYgG9vY, time:      804.3µs
2026/05/05 11:25:54.737841 user.go:133: [Info] User updated, id: ba6438c7-f65e-44e6-abb8-d231aafe32eb
[127.0.0.1]:63912 status:200 - PATCH reqId: ddLmUl3qv_Ck2Bs5wGdYaM4fSqufmNagGfx5HBZ3E6E, time:     18.668ms
2026/05/05 11:25:58.075846 user.go:79: [Info] Returning all users
[127.0.0.1]:63912 status:200 - GET reqId: 6emin3UG7SF2M9vy6w7TjfxYiow3OLhb9fVpOETdMkQ, time:     1.0988ms
2026/05/05 11:53:05.627023 user.go:154: [Info] Returning user email: umarhonsultanov53@gmail.com
[127.0.0.1]:64296 status:200 - POST reqId: 5s0kWEopliO8yTkZcA3iFuEMhf6hATByEbW1IcAi2Po, time:    36.2985ms
2026/05/05 11:53:13.971204 require_auth.go:18: [Error] No token provided
[127.0.0.1]:64296 status:401 - GET reqId: nPJCM0dIUVmtrjvX3nwUSsDe-qvVOquClKBXVpLB06s, time:      634.1µs
2026/05/05 11:53:21.906298 role_check.go:16: [Error] Not allowev method id: <nil>
[127.0.0.1]:64296 status:403 - GET reqId: pMFt0IsLdzD9vAA95rH2VwNQmXhytEnbCsYYKdRbEPc, time:           0s
2026/05/05 11:54:06.468176 role_check.go:20: [Error] Not allowev method id: <nil>
[127.0.0.1]:49987 status:403 - GET reqId: GX5s_Ua7JdiSwH2d9fMRB_pvp9dRJKGTLZV_Ki66Kgc, time:     1.8526ms
2026/05/05 11:54:31.342867 user.go:79: [Info] Returning all users
[127.0.0.1]:51102 status:200 - GET reqId: 0O9ASGDo6CiG-OvgZc-28aVTPay3aZ1ipI7sFxFsQnQ, time:     5.6186ms
2026/05/05 11:54:44.631414 role_check.go:20: [Error] Not allowev method id: <nil>
[127.0.0.1]:51565 status:403 - GET reqId: 1kggy2ScT4sPIPRF5fX0_ShQfw66ugsZop33kJvl37c, time:     1.7683ms
